npm error Missing script: "test"
npm error
npm error To see a list of scripts, run:
npm error   npm run
npm error A complete log of this run can be found in: /home/jules/.npm/_logs/2026-02-10T08_29_19_664Z-debug-0.log
